// Jest Snapshot v1, https://goo.gl/fbAQLP

exports[`<ParentalPin />tests snapshot tests renders correctly ParentalPin 1`] = `
<div
  className="ParentalPin"
>
  <div
    className="ParentalPin__icon"
  >
    <svg
      fill="none"
      height={68}
      width={48}
      xmlns="http://www.w3.org/2000/svg"
    >
      <path
        clipRule="evenodd"
        d="M38.583 22.89v-6.35C38.583 7.778 32.05.667 24 .667S9.417 7.778 9.417 16.54v6.35H.667v44.444h46.666V22.889h-8.75ZM15.25 16.54c0-5.27 3.908-9.523 8.75-9.523 4.842 0 8.75 4.254 8.75 9.524v6.349h-17.5v-6.35ZM6.5 29.239v31.746h35V29.238h-35Z"
        fill="#fff"
        fillRule="evenodd"
      />
    </svg>
  </div>
  <div
    className="ParentalPin__title"
  >
    <span
      className="Text Text--header-1 Text--left"
    >
      Setup Parental Pin
    </span>
  </div>
  <div
    className="ParentalPin__content"
  >
    <span
      className="Text Text--body-1 Text--left"
    >
      You can setup your Parental PIN and viewing restrictions from tataplaybinge.com or Tata Play Binge Mobile App
    </span>
  </div>
</div>
`;
