// Jest Snapshot v1, https://goo.gl/fbAQLP

exports[`<Image />tests snapshot tests renders correctly with the default props 1`] = `
<div
  className="Image"
  style={
    Object {
      "width": "100px",
    }
  }
>
  <picture>
    <img
      alt=""
      className="Image--loading"
    />
  </picture>
</div>
`;
