// Jest Snapshot v1, https://goo.gl/fbAQLP

exports[` 1`] = `
<div
  className="LanguageListRail"
>
  <div
    className="LanguageListRail__clearFilter"
  >
    <button
      className="Button Button--secondary Button--medium"
      onClick={[Function]}
      style={null}
    >
      Clear All
    </button>
  </div>
</div>
`;
