// Jest Snapshot v1, https://goo.gl/fbAQLP

exports[` 1`] = `
<div
  className="Catalog"
>
  <div
    className="Catalog__scrollContainer"
    id="scrollContainer"
  >
    <div
      className="infinite-scroll-component__outerdiv"
      style={Object {}}
    >
      <div
        className="infinite-scroll-component "
        style={
          Object {
            "WebkitOverflowScrolling": "touch",
            "height": "auto",
            "overflow": "auto",
          }
        }
      >
        <div
          className="Catalog__banner"
        >
          <div
            className="Catalog__header"
          >
            <svg
              classNames="Home__logo"
              fill="none"
              style={
                Object {
                  "height": "1.25rem",
                  "width": "5rem",
                }
              }
              viewBox="0 0 80 19"
              xmlns="http://www.w3.org/2000/svg"
            >
              <path
                d="M27.666 17.919h5.398v-8.77l6.194 8.77h4.992V.619h-5.416v8.22L32.958.62h-5.292v17.3zM45.44 9.439c0 5.235 3.593 9.096 9.292 9.079 5.38-.017 9.185-3.604 9.185-9.182 0-.327-.017-.687-.053-1.03h-8.601v4h3.15c-.548.995-1.911 1.424-3.486 1.424-2.478 0-4.018-1.87-4.018-4.48 0-2.745 1.895-4.41 4.035-4.41 1.753 0 2.868.773 3.345 1.923h5.398C62.928 2.214 58.822 0 54.856 0c-5.433 0-9.416 3.964-9.416 9.439zM65.109 17.919h13.787v-4.566h-8.213v-1.836h7.523V7.02h-7.523V5.184h8.213V.619H65.109v17.3zM19.863.619v17.3h5.628V.619h-5.628zM0 18.09l15.204-5.68.017-6.317L.001.447h11.185c3.876 0 6.708 1.098 6.708 4.547 0 1.7-.849 3.244-2.672 4.12 1.858.53 3.08 2.024 3.08 4.015 0 3.587-2.938 4.96-6.46 4.96H0v.001z"
                fill="#fff"
              />
              <path
                d="M15.221 6.093L.001.447v5.8l8.938 2.97L0 12.203v5.887l15.204-5.68.017-6.317z"
                fill="#E10092"
              />
            </svg>
          </div>
          <div
            className="BannerComponent"
          >
            <div
              className="BannerComponent__backgroundImg"
            >
              <div
                aria-label="Image"
                className="Image"
              >
                <picture>
                  <img
                    alt=""
                    className="Image--loading"
                    src="data:image/png;base64,iVBORw0KGgoAAAANSUhEUgAAAAEAAAABCAQAAAC1HAwCAAAAC0lEQVR42mNkYAAAAAYAAjCB0C8AAAAASUVORK5CYII="
                  />
                </picture>
              </div>
            </div>
            <div
              className="BannerComponent__LinearGradient1"
            />
            <div
              className="BannerComponent__LinearGradient2"
            />
          </div>
        </div>
        <div
          className="Catalog__content"
        >
          <div
            className="Catalog__content--header"
          />
          <div
            className="Catalog__mediaCard"
            id="scrollContainerMedia"
          >
            <div
              className="Catalog__cards Catalog--container"
            />
          </div>
        </div>
      </div>
    </div>
  </div>
  <div
    className="Loader"
  >
    <div
      className="Loader__content"
    >
      <div
        className="Image"
      >
        <picture>
          <img
            alt=""
            className="Image--loading"
            src="data:image/png;base64,iVBORw0KGgoAAAANSUhEUgAAAAEAAAABCAQAAAC1HAwCAAAAC0lEQVR42mNkYAAAAAYAAjCB0C8AAAAASUVORK5CYII="
          />
        </picture>
      </div>
    </div>
  </div>
</div>
`;
