// Jest Snapshot v1, https://goo.gl/fbAQLP

exports[` 1`] = `
<div
  className="UpgradeMyPlan"
>
  <div
    className="UpgradeMyPlan__title"
  >
    <p
      className="Text Text--title-1 Text--left Text--white"
    >
      My Plan
    </p>
  </div>
  <div
    className="UpgradeMyPlan__content"
  >
    <div
      className="UpgradeMyPlan__left"
    >
      <div
        className="UpgradeMyPlan__left--rowOne"
      >
        <svg
          className="UpgradeMyPlan__left--icon"
          fill="none"
          height={46}
          viewBox="0 0 50 46"
          width={50}
          xmlns="http://www.w3.org/2000/svg"
        >
          <g
            filter="url(#a)"
          >
            <path
              clipRule="evenodd"
              d="M26.389 7.695c0 .774-.622 1.4-1.39 1.4a1.395 1.395 0 0 1-1.388-1.4c0-.773.622-1.4 1.389-1.4s1.389.627 1.389 1.4Zm12.5 8.803-3.819 1.32-4.862 1.681-3.374-5.833L25 10.496l-1.834 3.17-3.374 5.834-4.862-1.681-3.819-1.32 1.325 3.816 3.883 11.19h17.362l3.883-11.19 1.325-3.817ZM33.68 32.905H16.32v2.801h17.36v-2.801ZM9.723 16.099c.767 0 1.39-.627 1.39-1.4 0-.774-.623-1.401-1.39-1.401-.767 0-1.388.627-1.388 1.4 0 .774.621 1.4 1.388 1.4Zm30.556 0c.767 0 1.39-.627 1.39-1.4 0-.774-.623-1.401-1.39-1.401-.767 0-1.389.627-1.389 1.4 0 .774.622 1.4 1.39 1.4Z"
              fill="url(#b)"
              fillRule="evenodd"
            />
          </g>
          <path
            clipRule="evenodd"
            d="M21.296 29.226h4.086l2.457-3.422.865-1.205-.864-1.205-2.457-3.427h-4.082l3.319 4.63-3.324 4.629Z"
            fill="#E10092"
            fillRule="evenodd"
          />
          <defs>
            <linearGradient
              gradientUnits="userSpaceOnUse"
              id="b"
              x1={44.934}
              x2={5.066}
              y1={20.02}
              y2={20.02}
            >
              <stop
                stopColor="#FFA800"
              />
              <stop
                offset={0.453}
                stopColor="#FFF389"
              />
              <stop
                offset={1}
                stopColor="#FFA800"
              />
            </linearGradient>
            <filter
              colorInterpolationFilters="sRGB"
              filterUnits="userSpaceOnUse"
              height={45.411}
              id="a"
              width={49.334}
              x={0.333}
              y={0.295}
            >
              <feFlood
                floodOpacity={0}
                result="BackgroundImageFix"
              />
              <feColorMatrix
                in="SourceAlpha"
                result="hardAlpha"
                values="0 0 0 0 0 0 0 0 0 0 0 0 0 0 0 0 0 0 127 0"
              />
              <feOffset
                dy={2}
              />
              <feGaussianBlur
                stdDeviation={4}
              />
              <feComposite
                in2="hardAlpha"
                operator="out"
              />
              <feColorMatrix
                values="0 0 0 0 0 0 0 0 0 0 0 0 0 0 0 0 0 0 0.9 0"
              />
              <feBlend
                in2="BackgroundImageFix"
                result="effect1_dropShadow_924_43129"
              />
              <feBlend
                in="SourceGraphic"
                in2="effect1_dropShadow_924_43129"
                result="shape"
              />
            </filter>
          </defs>
        </svg>
        <div
          className="UpgradeMyPlan__left--rowOneText"
        >
          <div>
            <p
              className="Text Text--body-1 Text--left Text--white"
            >
              Standard
            </p>
            <p
              className="Text Text--body-1 Text--left Text--white"
            >
              ₹200/month
            </p>
          </div>
          <p
            className="Text Text--body-2 Text--center Text--purple-25"
          >
            Expires on 20/05/2022
          </p>
        </div>
      </div>
      <div
        className="UpgradeMyPlan__left--apps"
      >
        <div
          className="AppMediaCard"
        >
          <div
            className="AppMediaCard__content"
          >
            <a
              className="Link Link--secondary"
              onClick={[Function]}
              target="_self"
            >
              <div
                className="Image"
              >
                <picture>
                  <img
                    alt=""
                    className="Image--loading"
                    src="data:image/png;base64,iVBORw0KGgoAAAANSUhEUgAAAAEAAAABCAQAAAC1HAwCAAAAC0lEQVR42mNkYAAAAAYAAjCB0C8AAAAASUVORK5CYII="
                  />
                </picture>
              </div>
            </a>
          </div>
        </div>
        <div
          className="AppMediaCard"
        >
          <div
            className="AppMediaCard__content"
          >
            <a
              className="Link Link--secondary"
              onClick={[Function]}
              target="_self"
            >
              <div
                className="Image"
              >
                <picture>
                  <img
                    alt=""
                    className="Image--loading"
                    src="data:image/png;base64,iVBORw0KGgoAAAANSUhEUgAAAAEAAAABCAQAAAC1HAwCAAAAC0lEQVR42mNkYAAAAAYAAjCB0C8AAAAASUVORK5CYII="
                  />
                </picture>
              </div>
            </a>
          </div>
        </div>
        <div
          className="AppMediaCard"
        >
          <div
            className="AppMediaCard__content"
          >
            <a
              className="Link Link--secondary"
              onClick={[Function]}
              target="_self"
            >
              <div
                className="Image"
              >
                <picture>
                  <img
                    alt=""
                    className="Image--loading"
                    src="data:image/png;base64,iVBORw0KGgoAAAANSUhEUgAAAAEAAAABCAQAAAC1HAwCAAAAC0lEQVR42mNkYAAAAAYAAjCB0C8AAAAASUVORK5CYII="
                  />
                </picture>
              </div>
            </a>
          </div>
        </div>
        <div
          className="AppMediaCard"
        >
          <div
            className="AppMediaCard__content"
          >
            <a
              className="Link Link--secondary"
              onClick={[Function]}
              target="_self"
            >
              <div
                className="Image"
              >
                <picture>
                  <img
                    alt=""
                    className="Image--loading"
                    src="data:image/png;base64,iVBORw0KGgoAAAANSUhEUgAAAAEAAAABCAQAAAC1HAwCAAAAC0lEQVR42mNkYAAAAAYAAjCB0C8AAAAASUVORK5CYII="
                  />
                </picture>
              </div>
            </a>
          </div>
        </div>
        <div
          className="AppMediaCard"
        >
          <div
            className="AppMediaCard__content"
          >
            <a
              className="Link Link--secondary"
              onClick={[Function]}
              target="_self"
            >
              <div
                className="Image"
              >
                <picture>
                  <img
                    alt=""
                    className="Image--loading"
                    src="data:image/png;base64,iVBORw0KGgoAAAANSUhEUgAAAAEAAAABCAQAAAC1HAwCAAAAC0lEQVR42mNkYAAAAAYAAjCB0C8AAAAASUVORK5CYII="
                  />
                </picture>
              </div>
            </a>
          </div>
        </div>
        <div
          className="AppMediaCard"
        >
          <div
            className="AppMediaCard__content"
          >
            <a
              className="Link Link--secondary"
              onClick={[Function]}
              target="_self"
            >
              <div
                className="Image"
              >
                <picture>
                  <img
                    alt=""
                    className="Image--loading"
                    src="data:image/png;base64,iVBORw0KGgoAAAANSUhEUgAAAAEAAAABCAQAAAC1HAwCAAAAC0lEQVR42mNkYAAAAAYAAjCB0C8AAAAASUVORK5CYII="
                  />
                </picture>
              </div>
            </a>
          </div>
        </div>
        <div
          className="AppMediaCard"
        >
          <div
            className="AppMediaCard__content"
          >
            <a
              className="Link Link--secondary"
              onClick={[Function]}
              target="_self"
            >
              <div
                className="Image"
              >
                <picture>
                  <img
                    alt=""
                    className="Image--loading"
                    src="data:image/png;base64,iVBORw0KGgoAAAANSUhEUgAAAAEAAAABCAQAAAC1HAwCAAAAC0lEQVR42mNkYAAAAAYAAjCB0C8AAAAASUVORK5CYII="
                  />
                </picture>
              </div>
            </a>
          </div>
        </div>
        <div
          className="AppMediaCard"
        >
          <div
            className="AppMediaCard__content"
          >
            <a
              className="Link Link--secondary"
              onClick={[Function]}
              target="_self"
            >
              <div
                className="Image"
              >
                <picture>
                  <img
                    alt=""
                    className="Image--loading"
                    src="data:image/png;base64,iVBORw0KGgoAAAANSUhEUgAAAAEAAAABCAQAAAC1HAwCAAAAC0lEQVR42mNkYAAAAAYAAjCB0C8AAAAASUVORK5CYII="
                  />
                </picture>
              </div>
            </a>
          </div>
        </div>
        <div
          className="AppMediaCard"
        >
          <div
            className="AppMediaCard__content"
          >
            <a
              className="Link Link--secondary"
              onClick={[Function]}
              target="_self"
            >
              <div
                className="Image"
              >
                <picture>
                  <img
                    alt=""
                    className="Image--loading"
                    src="data:image/png;base64,iVBORw0KGgoAAAANSUhEUgAAAAEAAAABCAQAAAC1HAwCAAAAC0lEQVR42mNkYAAAAAYAAjCB0C8AAAAASUVORK5CYII="
                  />
                </picture>
              </div>
            </a>
          </div>
        </div>
      </div>
    </div>
  </div>
</div>
`;
